Downloading https://services.gradle.org/distributions/gradle-8.13-bin.zip
.............10%.............20%.............30%.............40%.............50%.............60%.............70%.............80%.............90%.............100%

Welcome to Gradle 8.13!

Here are the highlights of this release:
 - Daemon JVM auto-provisioning
 - Enhancements for Scala plugin and JUnit testing
 - Improvements for build authors and plugin developers

For more details see https://docs.gradle.org/8.13/release-notes.html

To honour the JVM settings for this build a single-use Daemon process will be forked. For more on this, please refer to https://docs.gradle.org/8.13/userguide/gradle_daemon.html#sec:disabling_the_daemon in the Gradle documentation.
Daemon will be stopped at the end of the build 
> Task :app:checkKotlinGradlePluginConfigurationErrors
> Task :app:preBuild UP-TO-DATE
> Task :app:preDebugBuild UP-TO-DATE
> Task :app:checkDebugAarMetadata
> Task :app:processDebugNavigationResources
> Task :app:generateDebugResValues
> Task :app:compileDebugNavigationResources
> Task :app:mapDebugSourceSetPaths
> Task :app:generateDebugResources
> Task :app:packageDebugResources
> Task :app:mergeDebugResources
> Task :app:createDebugCompatibleScreenManifests
> Task :app:extractDeepLinksDebug
> Task :app:parseDebugLocalResources
> Task :app:processDebugMainManifest
> Task :app:processDebugManifest
> Task :app:preReleaseBuild UP-TO-DATE
> Task :app:javaPreCompileDebug
> Task :app:checkReleaseAarMetadata
> Task :app:processReleaseNavigationResources
> Task :app:compileReleaseNavigationResources
> Task :app:generateReleaseResValues
> Task :app:mapReleaseSourceSetPaths
> Task :app:generateReleaseResources
> Task :app:packageReleaseResources
> Task :app:processDebugManifestForPackage
> Task :app:parseReleaseLocalResources
> Task :app:mergeReleaseResources
> Task :app:createReleaseCompatibleScreenManifests
> Task :app:extractDeepLinksRelease
> Task :app:processReleaseMainManifest
> Task :app:processReleaseManifest
> Task :app:processReleaseManifestForPackage
> Task :app:processDebugResources
> Task :app:processReleaseResources
> Task :app:compileDebugKotlin
> Task :app:compileReleaseKotlin
w: file:///home/runner/work/Forest_Run/Forest_Run/app/src/main/java/com/anurag9000/forestrun/engine/ParallaxBackground.kt:954:84 Parameter 'rng' is never used
w: file:///home/runner/work/Forest_Run/Forest_Run/app/src/main/java/com/anurag9000/forestrun/engine/PersistentMemoryManager.kt:261:33 Parameter 'context' is never used

> Task :app:compileDebugKotlin
w: file:///home/runner/work/Forest_Run/Forest_Run/app/src/main/java/com/anurag9000/forestrun/engine/ParallaxBackground.kt:954:84 Parameter 'rng' is never used
w: file:///home/runner/work/Forest_Run/Forest_Run/app/src/main/java/com/anurag9000/forestrun/engine/PersistentMemoryManager.kt:261:33 Parameter 'context' is never used

> Task :app:compileDebugJavaWithJavac NO-SOURCE
> Task :app:bundleDebugClassesToCompileJar

> Task :app:compileDebugUnitTestKotlin
w: file:///home/runner/work/Forest_Run/Forest_Run/app/src/test/java/com/anurag9000/forestrun/entities/animals/WolfTest.kt:80:16 Unsafe use of a nullable receiver of type Any?
gradle/actions: Writing build results to /home/runner/work/_temp/.gradle-actions/build-results/__run_3-1785222632813.json

BUILD SUCCESSFUL in 2m 5s
36 actionable tasks: 36 executed
